::ffff:73.96.51.134 - - [10/Mar/2019:19:31:50 +0000] "GET /js/script.js HTTP/1.1" 304 - "http://157.230.158.143/" "Mozilla/5.0 (Windows NT 10.0; Win64; x64) AppleWebKit/537.36 (KHTML, like Gecko) Chrome/72.0.3626.121 Safari/537.36"
::ffff:73.96.51.134 - - [10/Mar/2019:19:31:50 +0000] "GET /favicon.ico HTTP/1.1" 404 639 "http://157.230.158.143/" "Mozilla/5.0 (Windows NT 10.0; Win64; x64) AppleWebKit/537.36 (KHTML, like Gecko) Chrome/72.0.3626.121 Safari/537.36"
::ffff:73.96.51.134 - - [10/Mar/2019:19:32:01 +0000] "GET /home HTTP/1.1" 304 - "http://157.230.158.143/" "Mozilla/5.0 (Windows NT 10.0; Win64; x64) AppleWebKit/537.36 (KHTML, like Gecko) Chrome/72.0.3626.121 Safari/537.36"
::ffff:73.96.51.134 - - [10/Mar/2019:19:32:01 +0000] "GET /js/script.js HTTP/1.1" 304 - "http://157.230.158.143/home" "Mozilla/5.0 (Windows NT 10.0; Win64; x64) AppleWebKit/537.36 (KHTML, like Gecko) Chrome/72.0.3626.121 Safari/537.36"
::ffff:98.232.178.137 - - [10/Mar/2019:19:32:08 +0000] "GET / HTTP/1.1" 304 - "-" "Mozilla/5.0 (Windows NT 10.0; Win64; x64) AppleWebKit/537.36 (KHTML, like Gecko) Chrome/72.0.3626.121 Safari/537.36"
::ffff:98.232.178.137 - - [10/Mar/2019:19:32:08 +0000] "GET /js/script.js HTTP/1.1" 304 - "http://157.230.158.143/" "Mozilla/5.0 (Windows NT 10.0; Win64; x64) AppleWebKit/537.36 (KHTML, like Gecko) Chrome/72.0.3626.121 Safari/537.36"
::ffff:98.232.178.137 - - [10/Mar/2019:19:32:10 +0000] "GET /home HTTP/1.1" 304 - "http://157.230.158.143/" "Mozilla/5.0 (Windows NT 10.0; Win64; x64) AppleWebKit/537.36 (KHTML, like Gecko) Chrome/72.0.3626.121 Safari/537.36"
::ffff:98.232.178.137 - - [10/Mar/2019:19:32:10 +0000] "GET /js/script.js HTTP/1.1" 304 - "http://157.230.158.143/home" "Mozilla/5.0 (Windows NT 10.0; Win64; x64) AppleWebKit/537.36 (KHTML, like Gecko) Chrome/72.0.3626.121 Safari/537.36"
::ffff:98.232.178.137 - - [10/Mar/2019:19:32:18 +0000] "GET /home HTTP/1.1" 304 - "http://157.230.158.143/" "Mozilla/5.0 (Windows NT 10.0; Win64; x64) AppleWebKit/537.36 (KHTML, like Gecko) Chrome/72.0.3626.121 Safari/537.36"
::ffff:98.232.178.137 - - [10/Mar/2019:19:32:18 +0000] "GET /js/script.js HTTP/1.1" 304 - "http://157.230.158.143/home" "Mozilla/5.0 (Windows NT 10.0; Win64; x64) AppleWebKit/537.36 (KHTML, like Gecko) Chrome/72.0.3626.121 Safari/537.36"
::ffff:71.193.179.61 - - [10/Mar/2019:19:32:21 +0000] "GET / HTTP/1.1" 200 737 "-" "Mozilla/5.0 (Windows NT 6.1; Win64; x64) AppleWebKit/537.36 (KHTML, like Gecko) Chrome/72.0.3626.121 Safari/537.36"
::ffff:71.193.179.61 - - [10/Mar/2019:19:32:21 +0000] "GET /js/script.js HTTP/1.1" 200 2287 "http://157.230.158.143/" "Mozilla/5.0 (Windows NT 6.1; Win64; x64) AppleWebKit/537.36 (KHTML, like Gecko) Chrome/72.0.3626.121 Safari/537.36"
::ffff:71.193.179.61 - - [10/Mar/2019:19:32:22 +0000] "GET /favicon.ico HTTP/1.1" 404 639 "http://157.230.158.143/" "Mozilla/5.0 (Windows NT 6.1; Win64; x64) AppleWebKit/537.36 (KHTML, like Gecko) Chrome/72.0.3626.121 Safari/537.36"
::ffff:73.96.51.134 - - [10/Mar/2019:19:32:22 +0000] "GET /marketProducts HTTP/1.1" 404 639 "-" "Mozilla/5.0 (Windows NT 10.0; Win64; x64) AppleWebKit/537.36 (KHTML, like Gecko) Chrome/72.0.3626.121 Safari/537.36"
::ffff:73.96.51.134 - - [10/Mar/2019:19:32:22 +0000] "GET /js/script.js HTTP/1.1" 304 - "http://157.230.158.143/marketProducts" "Mozilla/5.0 (Windows NT 10.0; Win64; x64) AppleWebKit/537.36 (KHTML, like Gecko) Chrome/72.0.3626.121 Safari/537.36"
::ffff:73.96.51.134 - - [10/Mar/2019:19:32:28 +0000] "GET /newMarket HTTP/1.1" 200 2717 "-" "Mozilla/5.0 (Windows NT 10.0; Win64; x64) AppleWebKit/537.36 (KHTML, like Gecko) Chrome/72.0.3626.121 Safari/537.36"
::ffff:73.96.51.134 - - [10/Mar/2019:19:32:28 +0000] "GET /js/script.js HTTP/1.1" 304 - "http://157.230.158.143/newMarket" "Mozilla/5.0 (Windows NT 10.0; Win64; x64) AppleWebKit/537.36 (KHTML, like Gecko) Chrome/72.0.3626.121 Safari/537.36"
::ffff:73.96.51.134 - - [10/Mar/2019:19:33:01 +0000] "GET /newMarket HTTP/1.1" 304 - "-" "Mozilla/5.0 (Windows NT 10.0; Win64; x64) AppleWebKit/537.36 (KHTML, like Gecko) Chrome/72.0.3626.121 Safari/537.36"
::ffff:73.96.51.134 - - [10/Mar/2019:19:33:02 +0000] "GET /js/script.js HTTP/1.1" 304 - "http://157.230.158.143/newMarket" "Mozilla/5.0 (Windows NT 10.0; Win64; x64) AppleWebKit/537.36 (KHTML, like Gecko) Chrome/72.0.3626.121 Safari/537.36"
::ffff:73.96.51.134 - - [10/Mar/2019:19:33:13 +0000] "POST /createMarket HTTP/1.1" 200 41 "http://157.230.158.143/newMarket" "Mozilla/5.0 (Windows NT 10.0; Win64; x64) AppleWebKit/537.36 (KHTML, like Gecko) Chrome/72.0.3626.121 Safari/537.36"
::ffff:73.96.51.134 - - [10/Mar/2019:19:33:20 +0000] "POST /createMarket HTTP/1.1" 200 41 "http://157.230.158.143/newMarket" "Mozilla/5.0 (Windows NT 10.0; Win64; x64) AppleWebKit/537.36 (KHTML, like Gecko) Chrome/72.0.3626.121 Safari/537.36"
::ffff:178.73.215.171 - - [10/Mar/2019:19:33:28 +0000] "GET / HTTP/1.0" 200 737 "-" "-"
::ffff:71.193.179.61 - - [10/Mar/2019:19:33:32 +0000] "GET /newMarket HTTP/1.1" 200 2717 "-" "Mozilla/5.0 (Windows NT 6.1; Win64; x64) AppleWebKit/537.36 (KHTML, like Gecko) Chrome/72.0.3626.121 Safari/537.36"
::ffff:71.193.179.61 - - [10/Mar/2019:19:33:32 +0000] "GET /js/script.js HTTP/1.1" 304 - "http://157.230.158.143/newMarket" "Mozilla/5.0 (Windows NT 6.1; Win64; x64) AppleWebKit/537.36 (KHTML, like Gecko) Chrome/72.0.3626.121 Safari/537.36"
::ffff:71.193.179.61 - - [10/Mar/2019:19:33:33 +0000] "GET /js/script.js HTTP/1.1" 304 - "http://157.230.158.143/newMarket" "Mozilla/5.0 (Windows NT 6.1; Win64; x64) AppleWebKit/537.36 (KHTML, like Gecko) Chrome/72.0.3626.121 Safari/537.36"
::ffff:71.193.179.61 - - [10/Mar/2019:19:34:02 +0000] "POST /createMarket HTTP/1.1" 200 54 "http://157.230.158.143/newMarket" "Mozilla/5.0 (Windows NT 6.1; Win64; x64) AppleWebKit/537.36 (KHTML, like Gecko) Chrome/72.0.3626.121 Safari/537.36"
::ffff:73.96.51.134 - - [10/Mar/2019:19:35:08 +0000] "POST /createMarket HTTP/1.1" 200 41 "http://157.230.158.143/newMarket" "Mozilla/5.0 (Windows NT 10.0; Win64; x64) AppleWebKit/537.36 (KHTML, like Gecko) Chrome/72.0.3626.121 Safari/537.36"
::ffff:71.193.179.61 - - [10/Mar/2019:19:35:41 +0000] "POST /createMarket HTTP/1.1" 200 77 "http://157.230.158.143/newMarket" "Mozilla/5.0 (Windows NT 6.1; Win64; x64) AppleWebKit/537.36 (KHTML, like Gecko) Chrome/72.0.3626.121 Safari/537.36"
::ffff:71.193.179.61 - - [10/Mar/2019:19:38:31 +0000] "GET /newMarket HTTP/1.1" 304 - "-" "Mozilla/5.0 (Windows NT 6.1; Win64; x64) AppleWebKit/537.36 (KHTML, like Gecko) Chrome/72.0.3626.121 Safari/537.36"
::ffff:71.193.179.61 - - [10/Mar/2019:19:38:31 +0000] "GET /js/script.js HTTP/1.1" 304 - "http://157.230.158.143/newMarket" "Mozilla/5.0 (Windows NT 6.1; Win64; x64) AppleWebKit/537.36 (KHTML, like Gecko) Chrome/72.0.3626.121 Safari/537.36"
::ffff:71.193.179.61 - - [10/Mar/2019:19:40:44 +0000] "POST /createMarket HTTP/1.1" 200 54 "http://157.230.158.143/newMarket" "Mozilla/5.0 (Windows NT 6.1; Win64; x64) AppleWebKit/537.36 (KHTML, like Gecko) Chrome/72.0.3626.121 Safari/537.36"
::ffff:73.96.51.134 - - [10/Mar/2019:19:48:06 +0000] "POST /createMarket HTTP/1.1" 200 41 "http://157.230.158.143/newMarket" "Mozilla/5.0 (Windows NT 10.0; Win64; x64) AppleWebKit/537.36 (KHTML, like Gecko) Chrome/72.0.3626.121 Safari/537.36"
::ffff:71.193.179.61 - - [10/Mar/2019:19:50:48 +0000] "GET /newMarket HTTP/1.1" 304 - "-" "Mozilla/5.0 (Windows NT 6.1; Win64; x64) AppleWebKit/537.36 (KHTML, like Gecko) Chrome/72.0.3626.121 Safari/537.36"
::ffff:71.193.179.61 - - [10/Mar/2019:19:50:48 +0000] "GET /js/script.js HTTP/1.1" 304 - "http://157.230.158.143/newMarket" "Mozilla/5.0 (Windows NT 6.1; Win64; x64) AppleWebKit/537.36 (KHTML, like Gecko) Chrome/72.0.3626.121 Safari/537.36"
::ffff:73.96.51.134 - - [10/Mar/2019:19:51:08 +0000] "GET /newMarket HTTP/1.1" 304 - "-" "Mozilla/5.0 (Windows NT 10.0; Win64; x64) AppleWebKit/537.36 (KHTML, like Gecko) Chrome/72.0.3626.121 Safari/537.36"
::ffff:73.96.51.134 - - [10/Mar/2019:19:51:08 +0000] "GET /js/script.js HTTP/1.1" 304 - "http://157.230.158.143/newMarket" "Mozilla/5.0 (Windows NT 10.0; Win64; x64) AppleWebKit/537.36 (KHTML, like Gecko) Chrome/72.0.3626.121 Safari/537.36"
::ffff:71.193.179.61 - - [10/Mar/2019:19:51:17 +0000] "POST /createMarket HTTP/1.1" 500 639 "http://157.230.158.143/newMarket" "Mozilla/5.0 (Windows NT 6.1; Win64; x64) AppleWebKit/537.36 (KHTML, like Gecko) Chrome/72.0.3626.121 Safari/537.36"
::ffff:73.96.51.134 - - [10/Mar/2019:19:51:21 +0000] "POST /createMarket HTTP/1.1" 500 639 "http://157.230.158.143/newMarket" "Mozilla/5.0 (Windows NT 10.0; Win64; x64) AppleWebKit/537.36 (KHTML, like Gecko) Chrome/72.0.3626.121 Safari/537.36"
::ffff:71.193.179.61 - - [10/Mar/2019:19:52:02 +0000] "POST /createMarket HTTP/1.1" 500 639 "http://157.230.158.143/newMarket" "Mozilla/5.0 (Windows NT 6.1; Win64; x64) AppleWebKit/537.36 (KHTML, like Gecko) Chrome/72.0.3626.121 Safari/537.36"
::ffff:71.193.179.61 - - [10/Mar/2019:19:52:07 +0000] "POST /createMarket HTTP/1.1" 500 639 "http://157.230.158.143/newMarket" "Mozilla/5.0 (Windows NT 6.1; Win64; x64) AppleWebKit/537.36 (KHTML, like Gecko) Chrome/72.0.3626.121 Safari/537.36"
::ffff:71.193.179.61 - - [10/Mar/2019:19:52:18 +0000] "POST /createMarket HTTP/1.1" 500 639 "http://157.230.158.143/newMarket" "Mozilla/5.0 (Windows NT 6.1; Win64; x64) AppleWebKit/537.36 (KHTML, like Gecko) Chrome/72.0.3626.121 Safari/537.36"
::ffff:73.96.51.134 - - [10/Mar/2019:19:52:19 +0000] "POST /createMarket HTTP/1.1" 500 639 "http://157.230.158.143/newMarket" "Mozilla/5.0 (Windows NT 10.0; Win64; x64) AppleWebKit/537.36 (KHTML, like Gecko) Chrome/72.0.3626.121 Safari/537.36"
::ffff:73.96.51.134 - - [10/Mar/2019:19:52:23 +0000] "POST /createMarket HTTP/1.1" 500 639 "http://157.230.158.143/newMarket" "Mozilla/5.0 (Windows NT 10.0; Win64; x64) AppleWebKit/537.36 (KHTML, like Gecko) Chrome/72.0.3626.121 Safari/537.36"
::ffff:73.109.154.211 - - [10/Mar/2019:20:01:48 +0000] "GET / HTTP/1.1" 200 737 "-" "Mozilla/5.0 (Windows NT 10.0; Win64; x64) AppleWebKit/537.36 (KHTML, like Gecko) Chrome/64.0.3282.140 Safari/537.36 Edge/18.17763"
::ffff:73.109.154.211 - - [10/Mar/2019:20:01:49 +0000] "GET /js/script.js HTTP/1.1" 200 2317 "http://157.230.158.143/" "Mozilla/5.0 (Windows NT 10.0; Win64; x64) AppleWebKit/537.36 (KHTML, like Gecko) Chrome/64.0.3282.140 Safari/537.36 Edge/18.17763"
::ffff:73.109.154.211 - - [10/Mar/2019:20:01:50 +0000] "GET /favicon.ico HTTP/1.1" 404 639 "-" "Mozilla/5.0 (Windows NT 10.0; Win64; x64) AppleWebKit/537.36 (KHTML, like Gecko) Chrome/64.0.3282.140 Safari/537.36 Edge/18.17763"
::ffff:73.96.51.134 - - [10/Mar/2019:20:01:53 +0000] "GET /newMarket HTTP/1.1" 200 2717 "-" "Mozilla/5.0 (Windows NT 10.0; Win64; x64) AppleWebKit/537.36 (KHTML, like Gecko) Chrome/72.0.3626.121 Safari/537.36"
::ffff:73.96.51.134 - - [10/Mar/2019:20:01:53 +0000] "GET /js/script.js HTTP/1.1" 200 2317 "http://157.230.158.143/newMarket" "Mozilla/5.0 (Windows NT 10.0; Win64; x64) AppleWebKit/537.36 (KHTML, like Gecko) Chrome/72.0.3626.121 Safari/537.36"
::ffff:71.193.179.61 - - [10/Mar/2019:20:01:55 +0000] "GET /home HTTP/1.1" 200 1321 "-" "Mozilla/5.0 (Windows NT 6.1; Win64; x64) AppleWebKit/537.36 (KHTML, like Gecko) Chrome/72.0.3626.121 Safari/537.36"
::ffff:71.193.179.61 - - [10/Mar/2019:20:01:55 +0000] "GET /js/script.js HTTP/1.1" 200 2317 "http://157.230.158.143/home" "Mozilla/5.0 (Windows NT 6.1; Win64; x64) AppleWebKit/537.36 (KHTML, like Gecko) Chrome/72.0.3626.121 Safari/537.36"
::ffff:73.109.154.211 - - [10/Mar/2019:20:01:56 +0000] "GET /home HTTP/1.1" 200 1321 "http://157.230.158.143/" "Mozilla/5.0 (Windows NT 10.0; Win64; x64) AppleWebKit/537.36 (KHTML, like Gecko) Chrome/64.0.3282.140 Safari/537.36 Edge/18.17763"
::ffff:73.109.154.211 - - [10/Mar/2019:20:01:56 +0000] "GET /js/script.js HTTP/1.1" 304 - "http://157.230.158.143/home" "Mozilla/5.0 (Windows NT 10.0; Win64; x64) AppleWebKit/537.36 (KHTML, like Gecko) Chrome/64.0.3282.140 Safari/537.36 Edge/18.17763"
::ffff:73.109.154.211 - - [10/Mar/2019:20:01:57 +0000] "GET /favicon.ico HTTP/1.1" 404 639 "-" "Mozilla/5.0 (Windows NT 10.0; Win64; x64) AppleWebKit/537.36 (KHTML, like Gecko) Chrome/64.0.3282.140 Safari/537.36 Edge/18.17763"
::ffff:71.193.179.61 - - [10/Mar/2019:20:01:59 +0000] "GET /newMarket HTTP/1.1" 304 - "-" "Mozilla/5.0 (Windows NT 6.1; Win64; x64) AppleWebKit/537.36 (KHTML, like Gecko) Chrome/72.0.3626.121 Safari/537.36"
::ffff:71.193.179.61 - - [10/Mar/2019:20:01:59 +0000] "GET /js/script.js HTTP/1.1" 304 - "http://157.230.158.143/newMarket" "Mozilla/5.0 (Windows NT 6.1; Win64; x64) AppleWebKit/537.36 (KHTML, like Gecko) Chrome/72.0.3626.121 Safari/537.36"
::ffff:71.193.179.61 - - [10/Mar/2019:20:02:01 +0000] "GET /js/script.js HTTP/1.1" 304 - "http://157.230.158.143/newMarket" "Mozilla/5.0 (Windows NT 6.1; Win64; x64) AppleWebKit/537.36 (KHTML, like Gecko) Chrome/72.0.3626.121 Safari/537.36"
::ffff:73.109.154.211 - - [10/Mar/2019:20:02:05 +0000] "GET /home HTTP/1.1" 304 - "http://157.230.158.143/" "Mozilla/5.0 (Windows NT 10.0; Win64; x64) AppleWebKit/537.36 (KHTML, like Gecko) Chrome/64.0.3282.140 Safari/537.36 Edge/18.17763"
::ffff:73.109.154.211 - - [10/Mar/2019:20:02:05 +0000] "GET /js/script.js HTTP/1.1" 304 - "http://157.230.158.143/home" "Mozilla/5.0 (Windows NT 10.0; Win64; x64) AppleWebKit/537.36 (KHTML, like Gecko) Chrome/64.0.3282.140 Safari/537.36 Edge/18.17763"
::ffff:71.193.179.61 - - [10/Mar/2019:20:02:44 +0000] "GET /newMarket HTTP/1.1" 304 - "-" "Mozilla/5.0 (Windows NT 6.1; Win64; x64) AppleWebKit/537.36 (KHTML, like Gecko) Chrome/72.0.3626.121 Safari/537.36"
::ffff:71.193.179.61 - - [10/Mar/2019:20:02:44 +0000] "GET /js/script.js HTTP/1.1" 200 2315 "http://157.230.158.143/newMarket" "Mozilla/5.0 (Windows NT 6.1; Win64; x64) AppleWebKit/537.36 (KHTML, like Gecko) Chrome/72.0.3626.121 Safari/537.36"
::ffff:71.193.179.61 - - [10/Mar/2019:20:03:06 +0000] "POST /createMarket HTTP/1.1" 500 1132 "http://157.230.158.143/newMarket" "Mozilla/5.0 (Windows NT 6.1; Win64; x64) AppleWebKit/537.36 (KHTML, like Gecko) Chrome/72.0.3626.121 Safari/537.36"
::ffff:73.96.51.134 - - [10/Mar/2019:20:03:13 +0000] "POST /createMarket HTTP/1.1" 500 1132 "http://157.230.158.143/newMarket" "Mozilla/5.0 (Windows NT 10.0; Win64; x64) AppleWebKit/537.36 (KHTML, like Gecko) Chrome/72.0.3626.121 Safari/537.36"
::ffff:73.96.51.134 - - [10/Mar/2019:20:03:20 +0000] "POST /createMarket HTTP/1.1" 500 1132 "http://157.230.158.143/newMarket" "Mozilla/5.0 (Windows NT 10.0; Win64; x64) AppleWebKit/537.36 (KHTML, like Gecko) Chrome/72.0.3626.121 Safari/537.36"
::ffff:73.109.154.211 - - [10/Mar/2019:20:03:52 +0000] "GET /newMarket HTTP/1.1" 200 2717 "-" "Mozilla/5.0 (Windows NT 10.0; Win64; x64) AppleWebKit/537.36 (KHTML, like Gecko) Chrome/64.0.3282.140 Safari/537.36 Edge/18.17763"
::ffff:73.109.154.211 - - [10/Mar/2019:20:03:52 +0000] "GET /js/script.js HTTP/1.1" 200 2315 "http://157.230.158.143/newMarket" "Mozilla/5.0 (Windows NT 10.0; Win64; x64) AppleWebKit/537.36 (KHTML, like Gecko) Chrome/64.0.3282.140 Safari/537.36 Edge/18.17763"
::ffff:73.96.51.134 - - [10/Mar/2019:20:05:41 +0000] "GET /newMarket HTTP/1.1" 304 - "-" "Mozilla/5.0 (Windows NT 10.0; Win64; x64) AppleWebKit/537.36 (KHTML, like Gecko) Chrome/72.0.3626.121 Safari/537.36"
::ffff:73.96.51.134 - - [10/Mar/2019:20:05:41 +0000] "GET /js/script.js HTTP/1.1" 200 2315 "http://157.230.158.143/newMarket" "Mozilla/5.0 (Windows NT 10.0; Win64; x64) AppleWebKit/537.36 (KHTML, like Gecko) Chrome/72.0.3626.121 Safari/537.36"
::ffff:71.193.179.61 - - [10/Mar/2019:20:05:43 +0000] "GET /newMarket HTTP/1.1" 304 - "-" "Mozilla/5.0 (Windows NT 6.1; Win64; x64) AppleWebKit/537.36 (KHTML, like Gecko) Chrome/72.0.3626.121 Safari/537.36"
::ffff:71.193.179.61 - - [10/Mar/2019:20:05:43 +0000] "GET /js/script.js HTTP/1.1" 200 2315 "http://157.230.158.143/newMarket" "Mozilla/5.0 (Windows NT 6.1; Win64; x64) AppleWebKit/537.36 (KHTML, like Gecko) Chrome/72.0.3626.121 Safari/537.36"
::ffff:73.96.51.134 - - [10/Mar/2019:20:05:45 +0000] "POST /createMarket HTTP/1.1" 500 1132 "http://157.230.158.143/newMarket" "Mozilla/5.0 (Windows NT 10.0; Win64; x64) AppleWebKit/537.36 (KHTML, like Gecko) Chrome/72.0.3626.121 Safari/537.36"
::ffff:71.193.179.61 - - [10/Mar/2019:20:05:55 +0000] "POST /createMarket HTTP/1.1" 500 1132 "http://157.230.158.143/newMarket" "Mozilla/5.0 (Windows NT 6.1; Win64; x64) AppleWebKit/537.36 (KHTML, like Gecko) Chrome/72.0.3626.121 Safari/537.36"
::ffff:71.193.179.61 - - [10/Mar/2019:20:06:00 +0000] "POST /createMarket HTTP/1.1" 500 1132 "http://157.230.158.143/newMarket" "Mozilla/5.0 (Windows NT 6.1; Win64; x64) AppleWebKit/537.36 (KHTML, like Gecko) Chrome/72.0.3626.121 Safari/537.36"
::ffff:73.96.51.134 - - [10/Mar/2019:20:07:26 +0000] "GET /newMarket HTTP/1.1" 304 - "-" "Mozilla/5.0 (Windows NT 10.0; Win64; x64) AppleWebKit/537.36 (KHTML, like Gecko) Chrome/72.0.3626.121 Safari/537.36"
::ffff:73.96.51.134 - - [10/Mar/2019:20:07:26 +0000] "GET /js/script.js HTTP/1.1" 200 2315 "http://157.230.158.143/newMarket" "Mozilla/5.0 (Windows NT 10.0; Win64; x64) AppleWebKit/537.36 (KHTML, like Gecko) Chrome/72.0.3626.121 Safari/537.36"
::ffff:73.96.51.134 - - [10/Mar/2019:20:07:28 +0000] "GET /newMarket HTTP/1.1" 304 - "-" "Mozilla/5.0 (Windows NT 10.0; Win64; x64) AppleWebKit/537.36 (KHTML, like Gecko) Chrome/72.0.3626.121 Safari/537.36"
::ffff:73.96.51.134 - - [10/Mar/2019:20:07:28 +0000] "GET /js/script.js HTTP/1.1" 304 - "http://157.230.158.143/newMarket" "Mozilla/5.0 (Windows NT 10.0; Win64; x64) AppleWebKit/537.36 (KHTML, like Gecko) Chrome/72.0.3626.121 Safari/537.36"
::ffff:71.193.179.61 - - [10/Mar/2019:20:09:13 +0000] "POST /createMarket HTTP/1.1" 500 1132 "http://157.230.158.143/newMarket" "Mozilla/5.0 (Windows NT 6.1; Win64; x64) AppleWebKit/537.36 (KHTML, like Gecko) Chrome/72.0.3626.121 Safari/537.36"
::ffff:71.193.179.61 - - [10/Mar/2019:20:09:18 +0000] "GET /newMarket HTTP/1.1" 304 - "-" "Mozilla/5.0 (Windows NT 6.1; Win64; x64) AppleWebKit/537.36 (KHTML, like Gecko) Chrome/72.0.3626.121 Safari/537.36"
::ffff:71.193.179.61 - - [10/Mar/2019:20:09:18 +0000] "GET /js/script.js HTTP/1.1" 200 2315 "http://157.230.158.143/newMarket" "Mozilla/5.0 (Windows NT 6.1; Win64; x64) AppleWebKit/537.36 (KHTML, like Gecko) Chrome/72.0.3626.121 Safari/537.36"
::ffff:71.193.179.61 - - [10/Mar/2019:20:09:28 +0000] "POST /createMarket HTTP/1.1" 500 1132 "http://157.230.158.143/newMarket" "Mozilla/5.0 (Windows NT 6.1; Win64; x64) AppleWebKit/537.36 (KHTML, like Gecko) Chrome/72.0.3626.121 Safari/537.36"
::ffff:71.193.179.61 - - [10/Mar/2019:20:09:29 +0000] "POST /createMarket HTTP/1.1" 500 1132 "http://157.230.158.143/newMarket" "Mozilla/5.0 (Windows NT 6.1; Win64; x64) AppleWebKit/537.36 (KHTML, like Gecko) Chrome/72.0.3626.121 Safari/537.36"
::ffff:71.193.179.61 - - [10/Mar/2019:20:09:29 +0000] "POST /createMarket HTTP/1.1" 500 1132 "http://157.230.158.143/newMarket" "Mozilla/5.0 (Windows NT 6.1; Win64; x64) AppleWebKit/537.36 (KHTML, like Gecko) Chrome/72.0.3626.121 Safari/537.36"
::ffff:71.193.179.61 - - [10/Mar/2019:20:09:29 +0000] "POST /createMarket HTTP/1.1" 500 1132 "http://157.230.158.143/newMarket" "Mozilla/5.0 (Windows NT 6.1; Win64; x64) AppleWebKit/537.36 (KHTML, like Gecko) Chrome/72.0.3626.121 Safari/537.36"
::ffff:73.96.51.134 - - [10/Mar/2019:20:10:34 +0000] "GET /newMarket HTTP/1.1" 304 - "-" "Mozilla/5.0 (Windows NT 10.0; Win64; x64) AppleWebKit/537.36 (KHTML, like Gecko) Chrome/72.0.3626.121 Safari/537.36"
::ffff:73.96.51.134 - - [10/Mar/2019:20:10:34 +0000] "GET /js/script.js HTTP/1.1" 304 - "http://157.230.158.143/newMarket" "Mozilla/5.0 (Windows NT 10.0; Win64; x64) AppleWebKit/537.36 (KHTML, like Gecko) Chrome/72.0.3626.121 Safari/537.36"
::ffff:73.96.51.134 - - [10/Mar/2019:20:10:36 +0000] "GET /newMarket HTTP/1.1" 304 - "-" "Mozilla/5.0 (Windows NT 10.0; Win64; x64) AppleWebKit/537.36 (KHTML, like Gecko) Chrome/72.0.3626.121 Safari/537.36"
::ffff:73.96.51.134 - - [10/Mar/2019:20:10:36 +0000] "GET /js/script.js HTTP/1.1" 304 - "http://157.230.158.143/newMarket" "Mozilla/5.0 (Windows NT 10.0; Win64; x64) AppleWebKit/537.36 (KHTML, like Gecko) Chrome/72.0.3626.121 Safari/537.36"
::ffff:73.96.51.134 - - [10/Mar/2019:20:10:40 +0000] "POST /createMarket HTTP/1.1" 500 1132 "http://157.230.158.143/newMarket" "Mozilla/5.0 (Windows NT 10.0; Win64; x64) AppleWebKit/537.36 (KHTML, like Gecko) Chrome/72.0.3626.121 Safari/537.36"
::ffff:71.193.179.61 - - [10/Mar/2019:20:11:17 +0000] "GET /newMarket HTTP/1.1" 304 - "-" "Mozilla/5.0 (Windows NT 6.1; Win64; x64) AppleWebKit/537.36 (KHTML, like Gecko) Chrome/72.0.3626.121 Safari/537.36"
::ffff:71.193.179.61 - - [10/Mar/2019:20:11:17 +0000] "GET /js/script.js HTTP/1.1" 200 2315 "http://157.230.158.143/newMarket" "Mozilla/5.0 (Windows NT 6.1; Win64; x64) AppleWebKit/537.36 (KHTML, like Gecko) Chrome/72.0.3626.121 Safari/537.36"
::ffff:73.96.51.134 - - [10/Mar/2019:20:11:28 +0000] "GET /newMarket HTTP/1.1" 304 - "-" "Mozilla/5.0 (Windows NT 10.0; Win64; x64) AppleWebKit/537.36 (KHTML, like Gecko) Chrome/72.0.3626.121 Safari/537.36"
::ffff:73.96.51.134 - - [10/Mar/2019:20:11:28 +0000] "GET /js/script.js HTTP/1.1" 200 2315 "http://157.230.158.143/newMarket" "Mozilla/5.0 (Windows NT 10.0; Win64; x64) AppleWebKit/537.36 (KHTML, like Gecko) Chrome/72.0.3626.121 Safari/537.36"
::ffff:71.193.179.61 - - [10/Mar/2019:20:11:28 +0000] "POST /createMarket HTTP/1.1" 400 41 "http://157.230.158.143/newMarket" "Mozilla/5.0 (Windows NT 6.1; Win64; x64) AppleWebKit/537.36 (KHTML, like Gecko) Chrome/72.0.3626.121 Safari/537.36"
::ffff:73.96.51.134 - - [10/Mar/2019:20:11:32 +0000] "POST /createMarket HTTP/1.1" 400 176 "http://157.230.158.143/newMarket" "Mozilla/5.0 (Windows NT 10.0; Win64; x64) AppleWebKit/537.36 (KHTML, like Gecko) Chrome/72.0.3626.121 Safari/537.36"
::ffff:71.193.179.61 - - [10/Mar/2019:20:11:40 +0000] "POST /createMarket HTTP/1.1" 200 19 "http://157.230.158.143/newMarket" "Mozilla/5.0 (Windows NT 6.1; Win64; x64) AppleWebKit/537.36 (KHTML, like Gecko) Chrome/72.0.3626.121 Safari/537.36"
::ffff:71.193.179.61 - - [10/Mar/2019:20:11:48 +0000] "POST /createMarket HTTP/1.1" 400 93 "http://157.230.158.143/newMarket" "Mozilla/5.0 (Windows NT 6.1; Win64; x64) AppleWebKit/537.36 (KHTML, like Gecko) Chrome/72.0.3626.121 Safari/537.36"
::ffff:73.96.51.134 - - [10/Mar/2019:20:12:02 +0000] "POST /createMarket HTTP/1.1" 400 41 "http://157.230.158.143/newMarket" "Mozilla/5.0 (Windows NT 10.0; Win64; x64) AppleWebKit/537.36 (KHTML, like Gecko) Chrome/72.0.3626.121 Safari/537.36"
::ffff:73.96.51.134 - - [10/Mar/2019:20:15:35 +0000] "GET /newMarket HTTP/1.1" 304 - "-" "Mozilla/5.0 (Windows NT 10.0; Win64; x64) AppleWebKit/537.36 (KHTML, like Gecko) Chrome/72.0.3626.121 Safari/537.36"
::ffff:73.96.51.134 - - [10/Mar/2019:20:15:35 +0000] "GET /js/script.js HTTP/1.1" 200 2316 "http://157.230.158.143/newMarket" "Mozilla/5.0 (Windows NT 10.0; Win64; x64) AppleWebKit/537.36 (KHTML, like Gecko) Chrome/72.0.3626.121 Safari/537.36"
::ffff:71.193.179.61 - - [10/Mar/2019:20:15:38 +0000] "GET /newMarket HTTP/1.1" 304 - "-" "Mozilla/5.0 (Windows NT 6.1; Win64; x64) AppleWebKit/537.36 (KHTML, like Gecko) Chrome/72.0.3626.121 Safari/537.36"
::ffff:71.193.179.61 - - [10/Mar/2019:20:15:38 +0000] "GET /js/script.js HTTP/1.1" 200 2316 "http://157.230.158.143/newMarket" "Mozilla/5.0 (Windows NT 6.1; Win64; x64) AppleWebKit/537.36 (KHTML, like Gecko) Chrome/72.0.3626.121 Safari/537.36"
::ffff:71.193.179.61 - - [10/Mar/2019:20:17:40 +0000] "GET /newMarket HTTP/1.1" 304 - "-" "Mozilla/5.0 (Windows NT 6.1; Win64; x64) AppleWebKit/537.36 (KHTML, like Gecko) Chrome/72.0.3626.121 Safari/537.36"
::ffff:71.193.179.61 - - [10/Mar/2019:20:17:40 +0000] "GET /js/script.js HTTP/1.1" 304 - "http://157.230.158.143/newMarket" "Mozilla/5.0 (Windows NT 6.1; Win64; x64) AppleWebKit/537.36 (KHTML, like Gecko) Chrome/72.0.3626.121 Safari/537.36"
::ffff:71.193.179.61 - - [10/Mar/2019:20:17:46 +0000] "POST /createMarket HTTP/1.1" 400 77 "http://157.230.158.143/newMarket" "Mozilla/5.0 (Windows NT 6.1; Win64; x64) AppleWebKit/537.36 (KHTML, like Gecko) Chrome/72.0.3626.121 Safari/537.36"
::ffff:73.96.51.134 - - [10/Mar/2019:20:17:46 +0000] "GET /newMarket HTTP/1.1" 304 - "-" "Mozilla/5.0 (Windows NT 10.0; Win64; x64) AppleWebKit/537.36 (KHTML, like Gecko) Chrome/72.0.3626.121 Safari/537.36"
::ffff:73.96.51.134 - - [10/Mar/2019:20:17:46 +0000] "GET /js/script.js HTTP/1.1" 304 - "http://157.230.158.143/newMarket" "Mozilla/5.0 (Windows NT 10.0; Win64; x64) AppleWebKit/537.36 (KHTML, like Gecko) Chrome/72.0.3626.121 Safari/537.36"
::ffff:71.193.179.61 - - [10/Mar/2019:20:17:52 +0000] "POST /createMarket HTTP/1.1" 400 54 "http://157.230.158.143/newMarket" "Mozilla/5.0 (Windows NT 6.1; Win64; x64) AppleWebKit/537.36 (KHTML, like Gecko) Chrome/72.0.3626.121 Safari/537.36"
::ffff:71.193.179.61 - - [10/Mar/2019:20:17:58 +0000] "POST /createMarket HTTP/1.1" 200 19 "http://157.230.158.143/newMarket" "Mozilla/5.0 (Windows NT 6.1; Win64; x64) AppleWebKit/537.36 (KHTML, like Gecko) Chrome/72.0.3626.121 Safari/537.36"
::ffff:71.193.179.61 - - [10/Mar/2019:20:18:05 +0000] "GET /marketHome HTTP/1.1" 404 639 "http://157.230.158.143/newMarket" "Mozilla/5.0 (Windows NT 6.1; Win64; x64) AppleWebKit/537.36 (KHTML, like Gecko) Chrome/72.0.3626.121 Safari/537.36"
::ffff:71.193.179.61 - - [10/Mar/2019:20:18:05 +0000] "GET /js/script.js HTTP/1.1" 304 - "http://157.230.158.143/marketHome" "Mozilla/5.0 (Windows NT 6.1; Win64; x64) AppleWebKit/537.36 (KHTML, like Gecko) Chrome/72.0.3626.121 Safari/537.36"
::ffff:73.96.51.134 - - [10/Mar/2019:20:18:22 +0000] "GET / HTTP/1.1" 304 - "-" "Mozilla/5.0 (Windows NT 10.0; Win64; x64) AppleWebKit/537.36 (KHTML, like Gecko) Chrome/72.0.3626.121 Safari/537.36"
::ffff:73.96.51.134 - - [10/Mar/2019:20:18:22 +0000] "GET /js/script.js HTTP/1.1" 304 - "http://157.230.158.143/" "Mozilla/5.0 (Windows NT 10.0; Win64; x64) AppleWebKit/537.36 (KHTML, like Gecko) Chrome/72.0.3626.121 Safari/537.36"
::ffff:73.96.51.134 - - [10/Mar/2019:20:18:29 +0000] "GET /marketHome HTTP/1.1" 404 639 "-" "Mozilla/5.0 (Windows NT 10.0; Win64; x64) AppleWebKit/537.36 (KHTML, like Gecko) Chrome/72.0.3626.121 Safari/537.36"
::ffff:73.96.51.134 - - [10/Mar/2019:20:18:29 +0000] "GET /js/script.js HTTP/1.1" 304 - "http://157.230.158.143/marketHome" "Mozilla/5.0 (Windows NT 10.0; Win64; x64) AppleWebKit/537.36 (KHTML, like Gecko) Chrome/72.0.3626.121 Safari/537.36"
::ffff:73.96.51.134 - - [10/Mar/2019:20:18:39 +0000] "GET /homeMarket HTTP/1.1" 404 639 "-" "Mozilla/5.0 (Windows NT 10.0; Win64; x64) AppleWebKit/537.36 (KHTML, like Gecko) Chrome/72.0.3626.121 Safari/537.36"
::ffff:73.96.51.134 - - [10/Mar/2019:20:18:39 +0000] "GET /js/script.js HTTP/1.1" 304 - "http://157.230.158.143/homeMarket" "Mozilla/5.0 (Windows NT 10.0; Win64; x64) AppleWebKit/537.36 (KHTML, like Gecko) Chrome/72.0.3626.121 Safari/537.36"
::ffff:71.193.179.61 - - [10/Mar/2019:20:20:35 +0000] "GET / HTTP/1.1" 304 - "-" "Mozilla/5.0 (Windows NT 6.1; Win64; x64) AppleWebKit/537.36 (KHTML, like Gecko) Chrome/72.0.3626.121 Safari/537.36"
::ffff:71.193.179.61 - - [10/Mar/2019:20:20:35 +0000] "GET /js/script.js HTTP/1.1" 304 - "http://157.230.158.143/" "Mozilla/5.0 (Windows NT 6.1; Win64; x64) AppleWebKit/537.36 (KHTML, like Gecko) Chrome/72.0.3626.121 Safari/537.36"
::ffff:71.193.179.61 - - [10/Mar/2019:20:20:46 +0000] "GET /marketHome HTTP/1.1" 404 639 "-" "Mozilla/5.0 (Windows NT 6.1; Win64; x64) AppleWebKit/537.36 (KHTML, like Gecko) Chrome/72.0.3626.121 Safari/537.36"
::ffff:71.193.179.61 - - [10/Mar/2019:20:20:46 +0000] "GET /js/script.js HTTP/1.1" 304 - "http://157.230.158.143/marketHome" "Mozilla/5.0 (Windows NT 6.1; Win64; x64) AppleWebKit/537.36 (KHTML, like Gecko) Chrome/72.0.3626.121 Safari/537.36"
::ffff:73.96.51.134 - - [10/Mar/2019:20:20:51 +0000] "GET /marketHome HTTP/1.1" 404 639 "-" "Mozilla/5.0 (Windows NT 10.0; Win64; x64) AppleWebKit/537.36 (KHTML, like Gecko) Chrome/72.0.3626.121 Safari/537.36"
::ffff:73.96.51.134 - - [10/Mar/2019:20:20:51 +0000] "GET /js/script.js HTTP/1.1" 304 - "http://157.230.158.143/marketHome" "Mozilla/5.0 (Windows NT 10.0; Win64; x64) AppleWebKit/537.36 (KHTML, like Gecko) Chrome/72.0.3626.121 Safari/537.36"
::ffff:71.193.179.61 - - [10/Mar/2019:20:22:13 +0000] "GET /marketHome HTTP/1.1" 500 639 "-" "Mozilla/5.0 (Windows NT 6.1; Win64; x64) AppleWebKit/537.36 (KHTML, like Gecko) Chrome/72.0.3626.121 Safari/537.36"
::ffff:71.193.179.61 - - [10/Mar/2019:20:22:13 +0000] "GET /js/script.js HTTP/1.1" 304 - "http://157.230.158.143/marketHome" "Mozilla/5.0 (Windows NT 6.1; Win64; x64) AppleWebKit/537.36 (KHTML, like Gecko) Chrome/72.0.3626.121 Safari/537.36"
::ffff:71.193.179.61 - - [10/Mar/2019:20:23:10 +0000] "GET /marketHome HTTP/1.1" 200 639 "-" "Mozilla/5.0 (Windows NT 6.1; Win64; x64) AppleWebKit/537.36 (KHTML, like Gecko) Chrome/72.0.3626.121 Safari/537.36"
::ffff:71.193.179.61 - - [10/Mar/2019:20:23:10 +0000] "GET /js/script.js HTTP/1.1" 304 - "http://157.230.158.143/marketHome" "Mozilla/5.0 (Windows NT 6.1; Win64; x64) AppleWebKit/537.36 (KHTML, like Gecko) Chrome/72.0.3626.121 Safari/537.36"
::ffff:73.96.51.134 - - [10/Mar/2019:20:23:13 +0000] "GET /marketHome HTTP/1.1" 200 639 "-" "Mozilla/5.0 (Windows NT 10.0; Win64; x64) AppleWebKit/537.36 (KHTML, like Gecko) Chrome/72.0.3626.121 Safari/537.36"
::ffff:73.96.51.134 - - [10/Mar/2019:20:23:13 +0000] "GET /js/script.js HTTP/1.1" 304 - "http://157.230.158.143/marketHome" "Mozilla/5.0 (Windows NT 10.0; Win64; x64) AppleWebKit/537.36 (KHTML, like Gecko) Chrome/72.0.3626.121 Safari/537.36"
::ffff:71.193.179.61 - - [10/Mar/2019:20:23:14 +0000] "GET /newMarket HTTP/1.1" 304 - "-" "Mozilla/5.0 (Windows NT 6.1; Win64; x64) AppleWebKit/537.36 (KHTML, like Gecko) Chrome/72.0.3626.121 Safari/537.36"
::ffff:71.193.179.61 - - [10/Mar/2019:20:23:14 +0000] "GET /js/script.js HTTP/1.1" 304 - "http://157.230.158.143/newMarket" "Mozilla/5.0 (Windows NT 6.1; Win64; x64) AppleWebKit/537.36 (KHTML, like Gecko) Chrome/72.0.3626.121 Safari/537.36"
::ffff:71.193.179.61 - - [10/Mar/2019:20:23:15 +0000] "GET /js/script.js HTTP/1.1" 304 - "http://157.230.158.143/newMarket" "Mozilla/5.0 (Windows NT 6.1; Win64; x64) AppleWebKit/537.36 (KHTML, like Gecko) Chrome/72.0.3626.121 Safari/537.36"
::ffff:73.96.51.134 - - [10/Mar/2019:20:23:25 +0000] "GET /newMarket HTTP/1.1" 304 - "-" "Mozilla/5.0 (Windows NT 10.0; Win64; x64) AppleWebKit/537.36 (KHTML, like Gecko) Chrome/72.0.3626.121 Safari/537.36"
::ffff:73.96.51.134 - - [10/Mar/2019:20:23:25 +0000] "POST /createMarket HTTP/1.1" - - "http://157.230.158.143/newMarket" "Mozilla/5.0 (Windows NT 10.0; Win64; x64) AppleWebKit/537.36 (KHTML, like Gecko) Chrome/72.0.3626.121 Safari/537.36"
::ffff:73.96.51.134 - - [10/Mar/2019:20:23:25 +0000] "GET /js/script.js HTTP/1.1" 304 - "http://157.230.158.143/newMarket" "Mozilla/5.0 (Windows NT 10.0; Win64; x64) AppleWebKit/537.36 (KHTML, like Gecko) Chrome/72.0.3626.121 Safari/537.36"
::ffff:173.212.225.214 - - [10/Mar/2019:20:24:05 +0000] "GET / HTTP/1.1" 200 737 "-" "python-requests/2.6.0 CPython/2.7.5 Linux/3.10.0-957.1.3.el7.x86_64"
::ffff:71.193.179.61 - - [10/Mar/2019:20:24:06 +0000] "POST /createMarket HTTP/1.1" 200 19 "http://157.230.158.143/newMarket" "Mozilla/5.0 (Windows NT 6.1; Win64; x64) AppleWebKit/537.36 (KHTML, like Gecko) Chrome/72.0.3626.121 Safari/537.36"
::ffff:71.193.179.61 - - [10/Mar/2019:20:24:07 +0000] "GET /marketHome HTTP/1.1" 304 - "http://157.230.158.143/newMarket" "Mozilla/5.0 (Windows NT 6.1; Win64; x64) AppleWebKit/537.36 (KHTML, like Gecko) Chrome/72.0.3626.121 Safari/537.36"
::ffff:71.193.179.61 - - [10/Mar/2019:20:24:07 +0000] "GET /js/script.js HTTP/1.1" 304 - "http://157.230.158.143/marketHome" "Mozilla/5.0 (Windows NT 6.1; Win64; x64) AppleWebKit/537.36 (KHTML, like Gecko) Chrome/72.0.3626.121 Safari/537.36"
::ffff:71.193.179.61 - - [10/Mar/2019:20:25:10 +0000] "POST /createMarket HTTP/1.1" 400 70 "http://157.230.158.143/newMarket" "Mozilla/5.0 (Windows NT 6.1; Win64; x64) AppleWebKit/537.36 (KHTML, like Gecko) Chrome/72.0.3626.121 Safari/537.36"
::ffff:71.193.179.61 - - [10/Mar/2019:20:25:27 +0000] "POST /createMarket HTTP/1.1" 200 19 "http://157.230.158.143/newMarket" "Mozilla/5.0 (Windows NT 6.1; Win64; x64) AppleWebKit/537.36 (KHTML, like Gecko) Chrome/72.0.3626.121 Safari/537.36"
::ffff:71.193.179.61 - - [10/Mar/2019:20:25:37 +0000] "GET /marketHome HTTP/1.1" 304 - "http://157.230.158.143/newMarket" "Mozilla/5.0 (Windows NT 6.1; Win64; x64) AppleWebKit/537.36 (KHTML, like Gecko) Chrome/72.0.3626.121 Safari/537.36"
::ffff:71.193.179.61 - - [10/Mar/2019:20:25:37 +0000] "GET /js/script.js HTTP/1.1" 304 - "http://157.230.158.143/marketHome" "Mozilla/5.0 (Windows NT 6.1; Win64; x64) AppleWebKit/537.36 (KHTML, like Gecko) Chrome/72.0.3626.121 Safari/537.36"
::ffff:73.96.51.134 - - [10/Mar/2019:20:25:38 +0000] "POST /createMarket HTTP/1.1" - - "http://157.230.158.143/newMarket" "Mozilla/5.0 (Windows NT 10.0; Win64; x64) AppleWebKit/537.36 (KHTML, like Gecko) Chrome/72.0.3626.121 Safari/537.36"
::ffff:73.96.51.134 - - [10/Mar/2019:20:25:38 +0000] "GET /newMarket HTTP/1.1" 200 2717 "-" "Mozilla/5.0 (Windows NT 10.0; Win64; x64) AppleWebKit/537.36 (KHTML, like Gecko) Chrome/72.0.3626.121 Safari/537.36"
::ffff:73.96.51.134 - - [10/Mar/2019:20:25:38 +0000] "POST /createMarket HTTP/1.1" - - "http://157.230.158.143/newMarket" "Mozilla/5.0 (Windows NT 10.0; Win64; x64) AppleWebKit/537.36 (KHTML, like Gecko) Chrome/72.0.3626.121 Safari/537.36"
::ffff:73.96.51.134 - - [10/Mar/2019:20:25:38 +0000] "POST /createMarket HTTP/1.1" - - "http://157.230.158.143/newMarket" "Mozilla/5.0 (Windows NT 10.0; Win64; x64) AppleWebKit/537.36 (KHTML, like Gecko) Chrome/72.0.3626.121 Safari/537.36"
::ffff:73.96.51.134 - - [10/Mar/2019:20:25:38 +0000] "POST /createMarket HTTP/1.1" - - "http://157.230.158.143/newMarket" "Mozilla/5.0 (Windows NT 10.0; Win64; x64) AppleWebKit/537.36 (KHTML, like Gecko) Chrome/72.0.3626.121 Safari/537.36"
::ffff:73.96.51.134 - - [10/Mar/2019:20:25:38 +0000] "POST /createMarket HTTP/1.1" - - "http://157.230.158.143/newMarket" "Mozilla/5.0 (Windows NT 10.0; Win64; x64) AppleWebKit/537.36 (KHTML, like Gecko) Chrome/72.0.3626.121 Safari/537.36"
::ffff:73.96.51.134 - - [10/Mar/2019:20:25:38 +0000] "POST /createMarket HTTP/1.1" - - "http://157.230.158.143/newMarket" "Mozilla/5.0 (Windows NT 10.0; Win64; x64) AppleWebKit/537.36 (KHTML, like Gecko) Chrome/72.0.3626.121 Safari/537.36"
::ffff:73.96.51.134 - - [10/Mar/2019:20:25:38 +0000] "GET /js/script.js HTTP/1.1" 304 - "http://157.230.158.143/newMarket" "Mozilla/5.0 (Windows NT 10.0; Win64; x64) AppleWebKit/537.36 (KHTML, like Gecko) Chrome/72.0.3626.121 Safari/537.36"
::ffff:73.96.51.134 - - [10/Mar/2019:20:25:40 +0000] "GET /newMarket HTTP/1.1" 304 - "-" "Mozilla/5.0 (Windows NT 10.0; Win64; x64) AppleWebKit/537.36 (KHTML, like Gecko) Chrome/72.0.3626.121 Safari/537.36"
::ffff:73.96.51.134 - - [10/Mar/2019:20:25:40 +0000] "GET /js/script.js HTTP/1.1" 304 - "http://157.230.158.143/newMarket" "Mozilla/5.0 (Windows NT 10.0; Win64; x64) AppleWebKit/537.36 (KHTML, like Gecko) Chrome/72.0.3626.121 Safari/537.36"
::ffff:73.96.51.134 - - [10/Mar/2019:20:25:42 +0000] "GET /newMarket HTTP/1.1" 304 - "-" "Mozilla/5.0 (Windows NT 10.0; Win64; x64) AppleWebKit/537.36 (KHTML, like Gecko) Chrome/72.0.3626.121 Safari/537.36"
::ffff:73.96.51.134 - - [10/Mar/2019:20:25:42 +0000] "GET /js/script.js HTTP/1.1" 304 - "http://157.230.158.143/newMarket" "Mozilla/5.0 (Windows NT 10.0; Win64; x64) AppleWebKit/537.36 (KHTML, like Gecko) Chrome/72.0.3626.121 Safari/537.36"
::ffff:98.232.178.137 - - [10/Mar/2019:20:26:19 +0000] "GET / HTTP/1.1" 304 - "-" "Mozilla/5.0 (Windows NT 10.0; Win64; x64) AppleWebKit/537.36 (KHTML, like Gecko) Chrome/72.0.3626.121 Safari/537.36"
::ffff:98.232.178.137 - - [10/Mar/2019:20:26:19 +0000] "GET /js/script.js HTTP/1.1" 200 2316 "http://157.230.158.143/" "Mozilla/5.0 (Windows NT 10.0; Win64; x64) AppleWebKit/537.36 (KHTML, like Gecko) Chrome/72.0.3626.121 Safari/537.36"
::ffff:73.96.51.134 - - [10/Mar/2019:20:26:20 +0000] "POST /createMarket HTTP/1.1" - - "http://157.230.158.143/newMarket" "Mozilla/5.0 (Windows NT 10.0; Win64; x64) AppleWebKit/537.36 (KHTML, like Gecko) Chrome/72.0.3626.121 Safari/537.36"
::ffff:73.96.51.134 - - [10/Mar/2019:20:26:20 +0000] "POST /createMarket HTTP/1.1" - - "http://157.230.158.143/newMarket" "Mozilla/5.0 (Windows NT 10.0; Win64; x64) AppleWebKit/537.36 (KHTML, like Gecko) Chrome/72.0.3626.121 Safari/537.36"
::ffff:73.96.51.134 - - [10/Mar/2019:20:26:26 +0000] "GET / HTTP/1.1" 304 - "-" "Mozilla/5.0 (Windows NT 10.0; Win64; x64) AppleWebKit/537.36 (KHTML, like Gecko) Chrome/72.0.3626.121 Safari/537.36"
::ffff:73.96.51.134 - - [10/Mar/2019:20:26:26 +0000] "GET /js/script.js HTTP/1.1" 304 - "http://157.230.158.143/" "Mozilla/5.0 (Windows NT 10.0; Win64; x64) AppleWebKit/537.36 (KHTML, like Gecko) Chrome/72.0.3626.121 Safari/537.36"
::ffff:73.96.51.134 - - [10/Mar/2019:20:26:30 +0000] "GET /newMarket HTTP/1.1" 304 - "-" "Mozilla/5.0 (Windows NT 10.0; Win64; x64) AppleWebKit/537.36 (KHTML, like Gecko) Chrome/72.0.3626.121 Safari/537.36"
::ffff:73.96.51.134 - - [10/Mar/2019:20:26:30 +0000] "GET /js/script.js HTTP/1.1" 304 - "http://157.230.158.143/newMarket" "Mozilla/5.0 (Windows NT 10.0; Win64; x64) AppleWebKit/537.36 (KHTML, like Gecko) Chrome/72.0.3626.121 Safari/537.36"
::ffff:71.193.179.61 - - [10/Mar/2019:20:27:42 +0000] "POST /createMarket HTTP/1.1" 200 19 "http://157.230.158.143/newMarket" "Mozilla/5.0 (Windows NT 6.1; Win64; x64) AppleWebKit/537.36 (KHTML, like Gecko) Chrome/72.0.3626.121 Safari/537.36"
::ffff:71.193.179.61 - - [10/Mar/2019:20:27:49 +0000] "GET /marketHome HTTP/1.1" 304 - "http://157.230.158.143/newMarket" "Mozilla/5.0 (Windows NT 6.1; Win64; x64) AppleWebKit/537.36 (KHTML, like Gecko) Chrome/72.0.3626.121 Safari/537.36"
::ffff:71.193.179.61 - - [10/Mar/2019:20:27:49 +0000] "GET /js/script.js HTTP/1.1" 304 - "http://157.230.158.143/marketHome" "Mozilla/5.0 (Windows NT 6.1; Win64; x64) AppleWebKit/537.36 (KHTML, like Gecko) Chrome/72.0.3626.121 Safari/537.36"
::ffff:71.193.179.61 - - [10/Mar/2019:20:27:54 +0000] "GET /newMarket HTTP/1.1" 304 - "-" "Mozilla/5.0 (Windows NT 6.1; Win64; x64) AppleWebKit/537.36 (KHTML, like Gecko) Chrome/72.0.3626.121 Safari/537.36"
::ffff:71.193.179.61 - - [10/Mar/2019:20:27:54 +0000] "GET /js/script.js HTTP/1.1" 304 - "http://157.230.158.143/newMarket" "Mozilla/5.0 (Windows NT 6.1; Win64; x64) AppleWebKit/537.36 (KHTML, like Gecko) Chrome/72.0.3626.121 Safari/537.36"
::ffff:73.96.51.134 - - [10/Mar/2019:20:27:59 +0000] "POST /createMarket HTTP/1.1" - - "http://157.230.158.143/newMarket" "Mozilla/5.0 (Windows NT 10.0; Win64; x64) AppleWebKit/537.36 (KHTML, like Gecko) Chrome/72.0.3626.121 Safari/537.36"
::ffff:73.96.51.134 - - [10/Mar/2019:20:27:59 +0000] "POST /createMarket HTTP/1.1" - - "http://157.230.158.143/newMarket" "Mozilla/5.0 (Windows NT 10.0; Win64; x64) AppleWebKit/537.36 (KHTML, like Gecko) Chrome/72.0.3626.121 Safari/537.36"
::ffff:73.96.51.134 - - [10/Mar/2019:20:27:59 +0000] "POST /createMarket HTTP/1.1" - - "http://157.230.158.143/newMarket" "Mozilla/5.0 (Windows NT 10.0; Win64; x64) AppleWebKit/537.36 (KHTML, like Gecko) Chrome/72.0.3626.121 Safari/537.36"
::ffff:73.96.51.134 - - [10/Mar/2019:20:27:59 +0000] "POST /createMarket HTTP/1.1" - - "http://157.230.158.143/newMarket" "Mozilla/5.0 (Windows NT 10.0; Win64; x64) AppleWebKit/537.36 (KHTML, like Gecko) Chrome/72.0.3626.121 Safari/537.36"
::ffff:73.96.51.134 - - [10/Mar/2019:20:28:34 +0000] "GET / HTTP/1.1" 200 737 "-" "Mozilla/5.0 (Windows NT 10.0; Win64; x64) AppleWebKit/537.36 (KHTML, like Gecko) Chrome/64.0.3282.140 Safari/537.36 Edge/17.17134"
::ffff:73.96.51.134 - - [10/Mar/2019:20:28:34 +0000] "GET /js/script.js HTTP/1.1" 200 2316 "http://157.230.158.143/" "Mozilla/5.0 (Windows NT 10.0; Win64; x64) AppleWebKit/537.36 (KHTML, like Gecko) Chrome/64.0.3282.140 Safari/537.36 Edge/17.17134"
::ffff:73.96.51.134 - - [10/Mar/2019:20:28:34 +0000] "GET /favicon.ico HTTP/1.1" 404 639 "-" "Mozilla/5.0 (Windows NT 10.0; Win64; x64) AppleWebKit/537.36 (KHTML, like Gecko) Chrome/64.0.3282.140 Safari/537.36 Edge/17.17134"
::ffff:73.96.51.134 - - [10/Mar/2019:20:28:37 +0000] "GET /newMarket HTTP/1.1" 200 2717 "-" "Mozilla/5.0 (Windows NT 10.0; Win64; x64) AppleWebKit/537.36 (KHTML, like Gecko) Chrome/64.0.3282.140 Safari/537.36 Edge/17.17134"
::ffff:73.96.51.134 - - [10/Mar/2019:20:28:37 +0000] "GET /js/script.js HTTP/1.1" 304 - "http://157.230.158.143/newMarket" "Mozilla/5.0 (Windows NT 10.0; Win64; x64) AppleWebKit/537.36 (KHTML, like Gecko) Chrome/64.0.3282.140 Safari/537.36 Edge/17.17134"
::ffff:73.96.51.134 - - [10/Mar/2019:20:28:37 +0000] "GET /favicon.ico HTTP/1.1" 404 639 "-" "Mozilla/5.0 (Windows NT 10.0; Win64; x64) AppleWebKit/537.36 (KHTML, like Gecko) Chrome/64.0.3282.140 Safari/537.36 Edge/17.17134"
::ffff:73.96.51.134 - - [10/Mar/2019:20:29:20 +0000] "POST /createMarket HTTP/1.1" 200 19 "http://157.230.158.143/newMarket" "Mozilla/5.0 (Windows NT 10.0; Win64; x64) AppleWebKit/537.36 (KHTML, like Gecko) Chrome/64.0.3282.140 Safari/537.36 Edge/17.17134"
::ffff:73.96.51.134 - - [10/Mar/2019:20:29:21 +0000] "GET /marketHome HTTP/1.1" 200 639 "http://157.230.158.143/newMarket" "Mozilla/5.0 (Windows NT 10.0; Win64; x64) AppleWebKit/537.36 (KHTML, like Gecko) Chrome/64.0.3282.140 Safari/537.36 Edge/17.17134"
::ffff:73.96.51.134 - - [10/Mar/2019:20:29:21 +0000] "GET /js/script.js HTTP/1.1" 304 - "http://157.230.158.143/marketHome" "Mozilla/5.0 (Windows NT 10.0; Win64; x64) AppleWebKit/537.36 (KHTML, like Gecko) Chrome/64.0.3282.140 Safari/537.36 Edge/17.17134"
::ffff:71.193.179.61 - - [10/Mar/2019:20:33:22 +0000] "GET / HTTP/1.1" 304 - "-" "Mozilla/5.0 (Windows NT 6.1; Win64; x64) AppleWebKit/537.36 (KHTML, like Gecko) Chrome/72.0.3626.121 Safari/537.36"
::ffff:71.193.179.61 - - [10/Mar/2019:20:33:23 +0000] "GET /js/script.js HTTP/1.1" 304 - "http://157.230.158.143/" "Mozilla/5.0 (Windows NT 6.1; Win64; x64) AppleWebKit/537.36 (KHTML, like Gecko) Chrome/72.0.3626.121 Safari/537.36"
::ffff:98.232.178.137 - - [10/Mar/2019:20:35:00 +0000] "GET / HTTP/1.1" 304 - "-" "Mozilla/5.0 (Windows NT 10.0; Win64; x64) AppleWebKit/537.36 (KHTML, like Gecko) Chrome/72.0.3626.121 Safari/537.36"
::ffff:98.232.178.137 - - [10/Mar/2019:20:35:00 +0000] "GET /js/script.js HTTP/1.1" 200 2316 "http://157.230.158.143:8080/" "Mozilla/5.0 (Windows NT 10.0; Win64; x64) AppleWebKit/537.36 (KHTML, like Gecko) Chrome/72.0.3626.121 Safari/537.36"
::ffff:98.232.178.137 - - [10/Mar/2019:20:35:00 +0000] "GET /home HTTP/1.1" 304 - "http://157.230.158.143:8080/" "Mozilla/5.0 (Windows NT 10.0; Win64; x64) AppleWebKit/537.36 (KHTML, like Gecko) Chrome/72.0.3626.121 Safari/537.36"
::ffff:98.232.178.137 - - [10/Mar/2019:20:35:01 +0000] "GET /js/script.js HTTP/1.1" 304 - "http://157.230.158.143:8080/home" "Mozilla/5.0 (Windows NT 10.0; Win64; x64) AppleWebKit/537.36 (KHTML, like Gecko) Chrome/72.0.3626.121 Safari/537.36"
::ffff:98.232.178.137 - - [10/Mar/2019:20:36:09 +0000] "POST /auth HTTP/1.1" 403 47 "http://157.230.158.143:8080/home" "Mozilla/5.0 (Windows NT 10.0; Win64; x64) AppleWebKit/537.36 (KHTML, like Gecko) Chrome/72.0.3626.121 Safari/537.36"
::ffff:98.232.178.137 - - [10/Mar/2019:20:36:19 +0000] "POST /auth HTTP/1.1" 403 47 "http://157.230.158.143:8080/home" "Mozilla/5.0 (Windows NT 10.0; Win64; x64) AppleWebKit/537.36 (KHTML, like Gecko) Chrome/72.0.3626.121 Safari/537.36"
::ffff:98.232.178.137 - - [10/Mar/2019:20:36:28 +0000] "POST /auth HTTP/1.1" 403 47 "http://157.230.158.143:8080/home" "Mozilla/5.0 (Windows NT 10.0; Win64; x64) AppleWebKit/537.36 (KHTML, like Gecko) Chrome/72.0.3626.121 Safari/537.36"
::ffff:98.232.178.137 - - [10/Mar/2019:20:36:32 +0000] "POST /auth HTTP/1.1" 403 47 "http://157.230.158.143:8080/home" "Mozilla/5.0 (Windows NT 10.0; Win64; x64) AppleWebKit/537.36 (KHTML, like Gecko) Chrome/72.0.3626.121 Safari/537.36"
::ffff:71.193.179.61 - - [10/Mar/2019:20:37:00 +0000] "GET / HTTP/1.1" 304 - "-" "Mozilla/5.0 (Windows NT 6.1; Win64; x64) AppleWebKit/537.36 (KHTML, like Gecko) Chrome/72.0.3626.121 Safari/537.36"
::ffff:71.193.179.61 - - [10/Mar/2019:20:37:00 +0000] "GET /js/script.js HTTP/1.1" 304 - "http://157.230.158.143/" "Mozilla/5.0 (Windows NT 6.1; Win64; x64) AppleWebKit/537.36 (KHTML, like Gecko) Chrome/72.0.3626.121 Safari/537.36"
::ffff:98.232.178.137 - - [10/Mar/2019:20:37:01 +0000] "GET / HTTP/1.1" 304 - "-" "Mozilla/5.0 (Windows NT 10.0; Win64; x64) AppleWebKit/537.36 (KHTML, like Gecko) Chrome/72.0.3626.121 Safari/537.36"
::ffff:98.232.178.137 - - [10/Mar/2019:20:37:01 +0000] "GET /js/script.js HTTP/1.1" 304 - "http://157.230.158.143/" "Mozilla/5.0 (Windows NT 10.0; Win64; x64) AppleWebKit/537.36 (KHTML, like Gecko) Chrome/72.0.3626.121 Safari/537.36"
::ffff:98.232.178.137 - - [10/Mar/2019:20:37:02 +0000] "GET /home HTTP/1.1" 304 - "http://157.230.158.143/" "Mozilla/5.0 (Windows NT 10.0; Win64; x64) AppleWebKit/537.36 (KHTML, like Gecko) Chrome/72.0.3626.121 Safari/537.36"
::ffff:98.232.178.137 - - [10/Mar/2019:20:37:02 +0000] "GET /js/script.js HTTP/1.1" 304 - "http://157.230.158.143/home" "Mozilla/5.0 (Windows NT 10.0; Win64; x64) AppleWebKit/537.36 (KHTML, like Gecko) Chrome/72.0.3626.121 Safari/537.36"
::ffff:98.232.178.137 - - [10/Mar/2019:20:38:00 +0000] "POST /auth HTTP/1.1" 200 204 "http://157.230.158.143/home" "Mozilla/5.0 (Windows NT 10.0; Win64; x64) AppleWebKit/537.36 (KHTML, like Gecko) Chrome/72.0.3626.121 Safari/537.36"
::ffff:98.232.178.137 - - [10/Mar/2019:20:38:00 +0000] "GET /home HTTP/1.1" 200 1010 "http://157.230.158.143/home" "Mozilla/5.0 (Windows NT 10.0; Win64; x64) AppleWebKit/537.36 (KHTML, like Gecko) Chrome/72.0.3626.121 Safari/537.36"
::ffff:98.232.178.137 - - [10/Mar/2019:20:38:00 +0000] "GET /js/script.js HTTP/1.1" 304 - "http://157.230.158.143/home" "Mozilla/5.0 (Windows NT 10.0; Win64; x64) AppleWebKit/537.36 (KHTML, like Gecko) Chrome/72.0.3626.121 Safari/537.36"
::ffff:98.232.178.137 - - [10/Mar/2019:20:38:01 +0000] "GET /favicon.ico HTTP/1.1" 404 639 "http://157.230.158.143/home" "Mozilla/5.0 (Windows NT 10.0; Win64; x64) AppleWebKit/537.36 (KHTML, like Gecko) Chrome/72.0.3626.121 Safari/537.36"
::ffff:98.232.178.137 - - [10/Mar/2019:20:38:09 +0000] "GET /home HTTP/1.1" 200 1321 "http://157.230.158.143/home" "Mozilla/5.0 (Windows NT 10.0; Win64; x64) AppleWebKit/537.36 (KHTML, like Gecko) Chrome/72.0.3626.121 Safari/537.36"
::ffff:98.232.178.137 - - [10/Mar/2019:20:38:09 +0000] "GET /js/script.js HTTP/1.1" 304 - "http://157.230.158.143/home" "Mozilla/5.0 (Windows NT 10.0; Win64; x64) AppleWebKit/537.36 (KHTML, like Gecko) Chrome/72.0.3626.121 Safari/537.36"
::ffff:71.193.179.61 - - [10/Mar/2019:20:38:10 +0000] "GET /home HTTP/1.1" 304 - "-" "Mozilla/5.0 (Windows NT 6.1; Win64; x64) AppleWebKit/537.36 (KHTML, like Gecko) Chrome/72.0.3626.121 Safari/537.36"
::ffff:71.193.179.61 - - [10/Mar/2019:20:38:10 +0000] "GET /js/script.js HTTP/1.1" 304 - "http://157.230.158.143/home" "Mozilla/5.0 (Windows NT 6.1; Win64; x64) AppleWebKit/537.36 (KHTML, like Gecko) Chrome/72.0.3626.121 Safari/537.36"
::ffff:71.193.179.61 - - [10/Mar/2019:20:38:13 +0000] "GET / HTTP/1.1" 304 - "-" "Mozilla/5.0 (Windows NT 6.1; Win64; x64) AppleWebKit/537.36 (KHTML, like Gecko) Chrome/72.0.3626.121 Safari/537.36"
::ffff:71.193.179.61 - - [10/Mar/2019:20:38:13 +0000] "GET /js/script.js HTTP/1.1" 304 - "http://157.230.158.143/" "Mozilla/5.0 (Windows NT 6.1; Win64; x64) AppleWebKit/537.36 (KHTML, like Gecko) Chrome/72.0.3626.121 Safari/537.36"
::ffff:71.193.179.61 - - [10/Mar/2019:20:38:22 +0000] "GET /home HTTP/1.1" 304 - "-" "Mozilla/5.0 (Windows NT 6.1; Win64; x64) AppleWebKit/537.36 (KHTML, like Gecko) Chrome/72.0.3626.121 Safari/537.36"
::ffff:71.193.179.61 - - [10/Mar/2019:20:38:22 +0000] "GET /js/script.js HTTP/1.1" 304 - "http://157.230.158.143/home" "Mozilla/5.0 (Windows NT 6.1; Win64; x64) AppleWebKit/537.36 (KHTML, like Gecko) Chrome/72.0.3626.121 Safari/537.36"
::ffff:71.193.179.61 - - [10/Mar/2019:20:38:23 +0000] "GET /js/script.js HTTP/1.1" 304 - "http://157.230.158.143/home" "Mozilla/5.0 (Windows NT 6.1; Win64; x64) AppleWebKit/537.36 (KHTML, like Gecko) Chrome/72.0.3626.121 Safari/537.36"
::ffff:71.193.179.61 - - [10/Mar/2019:20:38:27 +0000] "GET / HTTP/1.1" 304 - "-" "Mozilla/5.0 (Windows NT 6.1; Win64; x64) AppleWebKit/537.36 (KHTML, like Gecko) Chrome/72.0.3626.121 Safari/537.36"
::ffff:71.193.179.61 - - [10/Mar/2019:20:38:27 +0000] "GET /js/script.js HTTP/1.1" 304 - "http://157.230.158.143/" "Mozilla/5.0 (Windows NT 6.1; Win64; x64) AppleWebKit/537.36 (KHTML, like Gecko) Chrome/72.0.3626.121 Safari/537.36"
::ffff:71.193.179.61 - - [10/Mar/2019:20:38:27 +0000] "GET /js/script.js HTTP/1.1" 304 - "http://157.230.158.143/" "Mozilla/5.0 (Windows NT 6.1; Win64; x64) AppleWebKit/537.36 (KHTML, like Gecko) Chrome/72.0.3626.121 Safari/537.36"
